2025-02-14T12:33:55.450+01:00  INFO 3476 --- [Recrutement] [restartedMain] c.e.recrutement.RecrutementApplication   : Starting RecrutementApplication using Java 17.0.8 with PID 3476 (D:\OneDrive - ESPRIT\Bureau\PFE\Recrutement\target\classes started by MSI in D:\OneDrive - ESPRIT\Bureau\PFE\Recrutement)
2025-02-14T12:33:55.452+01:00  INFO 3476 --- [Recrutement] [restartedMain] c.e.recrutement.RecrutementApplication   : No active profile set, falling back to 1 default profile: "default"
2025-02-14T12:33:56.329+01:00  INFO 3476 --- [Recrutement] [restartedMain] .s.d.r.c.RepositoryConfigurationDelegate : Bootstrapping Spring Data JPA repositories in DEFAULT mode.
2025-02-14T12:33:56.357+01:00  INFO 3476 --- [Recrutement] [restartedMain] .s.d.r.c.RepositoryConfigurationDelegate : Finished Spring Data repository scanning in 24 ms. Found 1 JPA repository interface.
2025-02-14T12:33:56.678+01:00  INFO 3476 --- [Recrutement] [restartedMain] o.s.b.w.embedded.tomcat.TomcatWebServer  : Tomcat initialized with port 8080 (http)
2025-02-14T12:33:56.681+01:00  INFO 3476 --- [Recrutement] [restartedMain] o.apache.catalina.core.StandardService   : Starting service [Tomcat]
2025-02-14T12:33:56.682+01:00  INFO 3476 --- [Recrutement] [restartedMain] o.apache.catalina.core.StandardEngine    : Starting Servlet engine: [Apache Tomcat/10.1.34]
2025-02-14T12:33:56.771+01:00  INFO 3476 --- [Recrutement] [restartedMain] o.a.c.c.C.[Tomcat].[localhost].[/]       : Initializing Spring embedded WebApplicationContext
2025-02-14T12:33:56.772+01:00  INFO 3476 --- [Recrutement] [restartedMain] w.s.c.ServletWebServerApplicationContext : Root WebApplicationContext: initialization completed in 1312 ms
2025-02-14T12:33:56.896+01:00  INFO 3476 --- [Recrutement] [restartedMain] o.hibernate.jpa.internal.util.LogHelper  : HHH000204: Processing PersistenceUnitInfo [name: default]
2025-02-14T12:33:56.910+01:00  INFO 3476 --- [Recrutement] [restartedMain] o.h.c.internal.RegionFactoryInitiator    : HHH000026: Second-level cache disabled
2025-02-14T12:33:56.955+01:00  INFO 3476 --- [Recrutement] [restartedMain] o.s.o.j.p.SpringPersistenceUnitInfo      : No LoadTimeWeaver setup: ignoring JPA class transformer
2025-02-14T12:33:56.959+01:00  INFO 3476 --- [Recrutement] [restartedMain] com.zaxxer.hikari.HikariDataSource       : HikariPool-2 - Starting...
2025-02-14T12:33:56.969+01:00  INFO 3476 --- [Recrutement] [restartedMain] com.zaxxer.hikari.pool.HikariPool        : HikariPool-2 - Added connection org.mariadb.jdbc.Connection@fefd028
2025-02-14T12:33:56.970+01:00  INFO 3476 --- [Recrutement] [restartedMain] com.zaxxer.hikari.HikariDataSource       : HikariPool-2 - Start completed.
2025-02-14T12:33:56.972+01:00  WARN 3476 --- [Recrutement] [restartedMain] org.hibernate.dialect.Dialect            : HHH000511: The 10.1.21 version for [org.hibernate.dialect.MariaDBDialect] is no longer supported, hence certain features may not work properly. The minimum supported version is 10.4.0. Check the community dialects project for available legacy versions.
2025-02-14T12:33:56.974+01:00  WARN 3476 --- [Recrutement] [restartedMain] org.hibernate.orm.deprecation            : HHH90000025: MariaDBDialect does not need to be specified explicitly using 'hibernate.dialect' (remove the property setting and it will be selected by default)
2025-02-14T12:33:56.976+01:00  INFO 3476 --- [Recrutement] [restartedMain] org.hibernate.orm.connections.pooling    : HHH10001005: Database info:
	Database JDBC URL [Connecting through datasource 'HikariDataSource (HikariPool-2)']
	Database driver: undefined/unknown
	Database version: 10.1.21
	Autocommit mode: undefined/unknown
	Isolation level: undefined/unknown
	Minimum pool size: undefined/unknown
	Maximum pool size: undefined/unknown
2025-02-14T12:33:57.094+01:00  INFO 3476 --- [Recrutement] [restartedMain] o.h.e.t.j.p.i.JtaPlatformInitiator       : HHH000489: No JTA platform available (set 'hibernate.transaction.jta.platform' to enable JTA platform integration)
2025-02-14T12:33:57.152+01:00  INFO 3476 --- [Recrutement] [restartedMain] j.LocalContainerEntityManagerFactoryBean : Initialized JPA EntityManagerFactory for persistence unit 'default'
2025-02-14T12:33:57.365+01:00  WARN 3476 --- [Recrutement] [restartedMain] JpaBaseConfiguration$JpaWebConfiguration : spring.jpa.open-in-view is enabled by default. Therefore, database queries may be performed during view rendering. Explicitly configure spring.jpa.open-in-view to disable this warning
2025-02-14T12:33:57.415+01:00  INFO 3476 --- [Recrutement] [restartedMain] o.s.v.b.OptionalValidatorFactoryBean     : Failed to set up a Bean Validation provider: jakarta.validation.NoProviderFoundException: Unable to create a Configuration, because no Jakarta Bean Validation provider could be found. Add a provider like Hibernate Validator (RI) to your classpath.
2025-02-14T12:33:57.748+01:00  INFO 3476 --- [Recrutement] [restartedMain] o.s.b.d.a.OptionalLiveReloadServer       : LiveReload server is running on port 35729
2025-02-14T12:33:57.790+01:00  INFO 3476 --- [Recrutement] [restartedMain] o.s.b.w.embedded.tomcat.TomcatWebServer  : Tomcat started on port 8080 (http) with context path '/'
2025-02-14T12:33:57.808+01:00  INFO 3476 --- [Recrutement] [restartedMain] c.e.recrutement.RecrutementApplication   : Started RecrutementApplication in 2.521 seconds (process running for 271.628)
2025-02-14T12:33:57.814+01:00  INFO 3476 --- [Recrutement] [restartedMain] .ConditionEvaluationDeltaLoggingListener : Condition evaluation unchanged
2025-02-14T13:29:39.500+01:00  WARN 3476 --- [Recrutement] [HikariPool-2 housekeeper] com.zaxxer.hikari.pool.HikariPool        : HikariPool-2 - Thread starvation or clock leap detected (housekeeper delta=50m42s379ms515µs100ns).
2025-02-14T14:59:39.301+01:00  INFO 3476 --- [Recrutement] [SpringApplicationShutdownHook] o.s.b.w.e.tomcat.GracefulShutdown        : Commencing graceful shutdown. Waiting for active requests to complete
2025-02-14T14:59:40.657+01:00  INFO 3476 --- [Recrutement] [tomcat-shutdown] o.s.b.w.e.tomcat.GracefulShutdown        : Graceful shutdown complete
2025-02-14T14:59:40.754+01:00  INFO 3476 --- [Recrutement] [SpringApplicationShutdownHook] j.LocalContainerEntityManagerFactoryBean : Closing JPA EntityManagerFactory for persistence unit 'default'
2025-02-14T14:59:40.827+01:00  INFO 3476 --- [Recrutement] [SpringApplicationShutdownHook] com.zaxxer.hikari.HikariDataSource       : HikariPool-2 - Shutdown initiated...
2025-02-14T14:59:40.840+01:00  INFO 3476 --- [Recrutement] [SpringApplicationShutdownHook] com.zaxxer.hikari.HikariDataSource       : HikariPool-2 - Shutdown completed.
