2025-07-15T08:23:54.323+01:00  INFO 19792 --- [Recrutement] [restartedMain] c.e.recrutement.RecrutementApplication   : Starting RecrutementApplication using Java 17.0.8 with PID 19792 (D:\OneDrive - ESPRIT\Bureau\PFE\Recrutement\target\classes started by MSI in D:\OneDrive - ESPRIT\Bureau\PFE\Recrutement)
2025-07-15T08:23:54.332+01:00  INFO 19792 --- [Recrutement] [restartedMain] c.e.recrutement.RecrutementApplication   : No active profile set, falling back to 1 default profile: "default"
2025-07-15T08:23:56.766+01:00  INFO 19792 --- [Recrutement] [restartedMain] o.apache.catalina.core.StandardService   : Starting service [Tomcat]
2025-07-15T08:23:56.767+01:00  INFO 19792 --- [Recrutement] [restartedMain] o.apache.catalina.core.StandardEngine    : Starting Servlet engine: [Apache Tomcat/10.1.34]
2025-07-15T08:23:56.857+01:00  INFO 19792 --- [Recrutement] [restartedMain] o.a.c.c.C.[Tomcat].[localhost].[/]       : Initializing Spring embedded WebApplicationContext
2025-07-15T08:23:57.154+01:00  INFO 19792 --- [Recrutement] [restartedMain] o.hibernate.jpa.internal.util.LogHelper  : HHH000204: Processing PersistenceUnitInfo [name: default]
2025-07-15T08:23:57.267+01:00  INFO 19792 --- [Recrutement] [restartedMain] org.hibernate.Version                    : HHH000412: Hibernate ORM core version 6.6.5.Final
2025-07-15T08:23:57.321+01:00  INFO 19792 --- [Recrutement] [restartedMain] o.h.c.internal.RegionFactoryInitiator    : HHH000026: Second-level cache disabled
2025-07-15T08:23:57.884+01:00  WARN 19792 --- [Recrutement] [restartedMain] org.hibernate.dialect.Dialect            : HHH000511: The 10.1.21 version for [org.hibernate.dialect.MariaDBDialect] is no longer supported, hence certain features may not work properly. The minimum supported version is 10.4.0. Check the community dialects project for available legacy versions.
2025-07-15T08:23:57.888+01:00  WARN 19792 --- [Recrutement] [restartedMain] org.hibernate.orm.deprecation            : HHH90000025: MariaDBDialect does not need to be specified explicitly using 'hibernate.dialect' (remove the property setting and it will be selected by default)
2025-07-15T08:23:57.906+01:00  INFO 19792 --- [Recrutement] [restartedMain] org.hibernate.orm.connections.pooling    : HHH10001005: Database info:
	Database JDBC URL [Connecting through datasource 'HikariDataSource (HikariPool-1)']
	Database driver: undefined/unknown
	Database version: 10.1.21
	Autocommit mode: undefined/unknown
	Isolation level: undefined/unknown
	Minimum pool size: undefined/unknown
	Maximum pool size: undefined/unknown
2025-07-15T08:23:59.110+01:00  INFO 19792 --- [Recrutement] [restartedMain] o.h.e.t.j.p.i.JtaPlatformInitiator       : HHH000489: No JTA platform available (set 'hibernate.transaction.jta.platform' to enable JTA platform integration)
2025-07-15T08:24:01.660+01:00  INFO 19792 --- [Recrutement] [restartedMain] c.e.recrutement.RecrutementApplication   : Started RecrutementApplication in 8.107 seconds (process running for 10.314)
2025-07-15T08:26:43.684+01:00  INFO 19792 --- [Recrutement] [http-nio-8089-exec-1] o.a.c.c.C.[Tomcat].[localhost].[/]       : Initializing Spring DispatcherServlet 'dispatcherServlet'
